<?xml version="1.0" encoding="ISO-8859-1" ?>
<link_info>
   <banner>MSP430 Linker PC v20.2.3.LTS</banner>
   <copyright>Copyright (c) 2003-2018 Texas Instruments Incorporated</copyright>
   <link_time>0x5ff9b802</link_time>
   <link_errors>0x0</link_errors>
   <output_file>XO_DHT_SmartNode_1120_FR5969.out</output_file>
   <entry_point>
      <name>_c_int00_noargs_mpu</name>
      <address>0x4914</address>
   </entry_point>
   <input_file_list>
      <input_file id="fl-2">
         <path>.\</path>
         <kind>object</kind>
         <file>DHTSmartNode_main.obj</file>
         <name>DHTSmartNode_main.obj</name>
      </input_file>
      <input_file id="fl-9">
         <kind>object</kind>
         <file>&lt;internal&gt;</file>
         <name>&lt;internal&gt;</name>
      </input_file>
      <input_file id="fl-29">
         <path>C:\ProgrammingSSD\ti\ccs1011\ccs\tools\compiler\ti-cgt-msp430_20.2.3.LTS\lib\</path>
         <kind>archive</kind>
         <file>rts430x_lc_rd_eabi.lib</file>
         <name>copy_decompress_lzss.c.obj</name>
      </input_file>
      <input_file id="fl-2a">
         <path>C:\ProgrammingSSD\ti\ccs1011\ccs\tools\compiler\ti-cgt-msp430_20.2.3.LTS\lib\</path>
         <kind>archive</kind>
         <file>rts430x_lc_rd_eabi.lib</file>
         <name>copy_decompress_none.c.obj</name>
      </input_file>
      <input_file id="fl-2b">
         <path>C:\ProgrammingSSD\ti\ccs1011\ccs\tools\compiler\ti-cgt-msp430_20.2.3.LTS\lib\</path>
         <kind>archive</kind>
         <file>rts430x_lc_rd_eabi.lib</file>
         <name>int30.asm.obj</name>
      </input_file>
      <input_file id="fl-2c">
         <path>C:\ProgrammingSSD\ti\ccs1011\ccs\tools\compiler\ti-cgt-msp430_20.2.3.LTS\lib\</path>
         <kind>archive</kind>
         <file>rts430x_lc_rd_eabi.lib</file>
         <name>isr_trap.asm.obj</name>
      </input_file>
      <input_file id="fl-2d">
         <path>C:\ProgrammingSSD\ti\ccs1011\ccs\tools\compiler\ti-cgt-msp430_20.2.3.LTS\lib\</path>
         <kind>archive</kind>
         <file>rts430x_lc_rd_eabi.lib</file>
         <name>int31.asm.obj</name>
      </input_file>
      <input_file id="fl-2e">
         <path>C:\ProgrammingSSD\ti\ccs1011\ccs\tools\compiler\ti-cgt-msp430_20.2.3.LTS\lib\</path>
         <kind>archive</kind>
         <file>rts430x_lc_rd_eabi.lib</file>
         <name>int32.asm.obj</name>
      </input_file>
      <input_file id="fl-2f">
         <path>C:\ProgrammingSSD\ti\ccs1011\ccs\tools\compiler\ti-cgt-msp430_20.2.3.LTS\lib\</path>
         <kind>archive</kind>
         <file>rts430x_lc_rd_eabi.lib</file>
         <name>int33.asm.obj</name>
      </input_file>
      <input_file id="fl-30">
         <path>C:\ProgrammingSSD\ti\ccs1011\ccs\tools\compiler\ti-cgt-msp430_20.2.3.LTS\lib\</path>
         <kind>archive</kind>
         <file>rts430x_lc_rd_eabi.lib</file>
         <name>int34.asm.obj</name>
      </input_file>
      <input_file id="fl-31">
         <path>C:\ProgrammingSSD\ti\ccs1011\ccs\tools\compiler\ti-cgt-msp430_20.2.3.LTS\lib\</path>
         <kind>archive</kind>
         <file>rts430x_lc_rd_eabi.lib</file>
         <name>int35.asm.obj</name>
      </input_file>
      <input_file id="fl-32">
         <path>C:\ProgrammingSSD\ti\ccs1011\ccs\tools\compiler\ti-cgt-msp430_20.2.3.LTS\lib\</path>
         <kind>archive</kind>
         <file>rts430x_lc_rd_eabi.lib</file>
         <name>int36.asm.obj</name>
      </input_file>
      <input_file id="fl-33">
         <path>C:\ProgrammingSSD\ti\ccs1011\ccs\tools\compiler\ti-cgt-msp430_20.2.3.LTS\lib\</path>
         <kind>archive</kind>
         <file>rts430x_lc_rd_eabi.lib</file>
         <name>int37.asm.obj</name>
      </input_file>
      <input_file id="fl-34">
         <path>C:\ProgrammingSSD\ti\ccs1011\ccs\tools\compiler\ti-cgt-msp430_20.2.3.LTS\lib\</path>
         <kind>archive</kind>
         <file>rts430x_lc_rd_eabi.lib</file>
         <name>int38.asm.obj</name>
      </input_file>
      <input_file id="fl-35">
         <path>C:\ProgrammingSSD\ti\ccs1011\ccs\tools\compiler\ti-cgt-msp430_20.2.3.LTS\lib\</path>
         <kind>archive</kind>
         <file>rts430x_lc_rd_eabi.lib</file>
         <name>int39.asm.obj</name>
      </input_file>
      <input_file id="fl-36">
         <path>C:\ProgrammingSSD\ti\ccs1011\ccs\tools\compiler\ti-cgt-msp430_20.2.3.LTS\lib\</path>
         <kind>archive</kind>
         <file>rts430x_lc_rd_eabi.lib</file>
         <name>int40.asm.obj</name>
      </input_file>
      <input_file id="fl-37">
         <path>C:\ProgrammingSSD\ti\ccs1011\ccs\tools\compiler\ti-cgt-msp430_20.2.3.LTS\lib\</path>
         <kind>archive</kind>
         <file>rts430x_lc_rd_eabi.lib</file>
         <name>int41.asm.obj</name>
      </input_file>
      <input_file id="fl-38">
         <path>C:\ProgrammingSSD\ti\ccs1011\ccs\tools\compiler\ti-cgt-msp430_20.2.3.LTS\lib\</path>
         <kind>archive</kind>
         <file>rts430x_lc_rd_eabi.lib</file>
         <name>int42.asm.obj</name>
      </input_file>
      <input_file id="fl-39">
         <path>C:\ProgrammingSSD\ti\ccs1011\ccs\tools\compiler\ti-cgt-msp430_20.2.3.LTS\lib\</path>
         <kind>archive</kind>
         <file>rts430x_lc_rd_eabi.lib</file>
         <name>int43.asm.obj</name>
      </input_file>
      <input_file id="fl-3a">
         <path>C:\ProgrammingSSD\ti\ccs1011\ccs\tools\compiler\ti-cgt-msp430_20.2.3.LTS\lib\</path>
         <kind>archive</kind>
         <file>rts430x_lc_rd_eabi.lib</file>
         <name>int44.asm.obj</name>
      </input_file>
      <input_file id="fl-3b">
         <path>C:\ProgrammingSSD\ti\ccs1011\ccs\tools\compiler\ti-cgt-msp430_20.2.3.LTS\lib\</path>
         <kind>archive</kind>
         <file>rts430x_lc_rd_eabi.lib</file>
         <name>int46.asm.obj</name>
      </input_file>
      <input_file id="fl-3c">
         <path>C:\ProgrammingSSD\ti\ccs1011\ccs\tools\compiler\ti-cgt-msp430_20.2.3.LTS\lib\</path>
         <kind>archive</kind>
         <file>rts430x_lc_rd_eabi.lib</file>
         <name>int47.asm.obj</name>
      </input_file>
      <input_file id="fl-3d">
         <path>C:\ProgrammingSSD\ti\ccs1011\ccs\tools\compiler\ti-cgt-msp430_20.2.3.LTS\lib\</path>
         <kind>archive</kind>
         <file>rts430x_lc_rd_eabi.lib</file>
         <name>int49.asm.obj</name>
      </input_file>
      <input_file id="fl-3e">
         <path>C:\ProgrammingSSD\ti\ccs1011\ccs\tools\compiler\ti-cgt-msp430_20.2.3.LTS\lib\</path>
         <kind>archive</kind>
         <file>rts430x_lc_rd_eabi.lib</file>
         <name>int50.asm.obj</name>
      </input_file>
      <input_file id="fl-3f">
         <path>C:\ProgrammingSSD\ti\ccs1011\ccs\tools\compiler\ti-cgt-msp430_20.2.3.LTS\lib\</path>
         <kind>archive</kind>
         <file>rts430x_lc_rd_eabi.lib</file>
         <name>int51.asm.obj</name>
      </input_file>
      <input_file id="fl-40">
         <path>C:\ProgrammingSSD\ti\ccs1011\ccs\tools\compiler\ti-cgt-msp430_20.2.3.LTS\lib\</path>
         <kind>archive</kind>
         <file>rts430x_lc_rd_eabi.lib</file>
         <name>int52.asm.obj</name>
      </input_file>
      <input_file id="fl-41">
         <path>C:\ProgrammingSSD\ti\ccs1011\ccs\tools\compiler\ti-cgt-msp430_20.2.3.LTS\lib\</path>
         <kind>archive</kind>
         <file>rts430x_lc_rd_eabi.lib</file>
         <name>int53.asm.obj</name>
      </input_file>
      <input_file id="fl-42">
         <path>C:\ProgrammingSSD\ti\ccs1011\ccs\tools\compiler\ti-cgt-msp430_20.2.3.LTS\lib\</path>
         <kind>archive</kind>
         <file>rts430x_lc_rd_eabi.lib</file>
         <name>int54.asm.obj</name>
      </input_file>
      <input_file id="fl-43">
         <path>C:\ProgrammingSSD\ti\ccs1011\ccs\tools\compiler\ti-cgt-msp430_20.2.3.LTS\lib\</path>
         <kind>archive</kind>
         <file>rts430x_lc_rd_eabi.lib</file>
         <name>copy_zero_init.c.obj</name>
      </input_file>
      <input_file id="fl-44">
         <path>C:\ProgrammingSSD\ti\ccs1011\ccs\tools\compiler\ti-cgt-msp430_20.2.3.LTS\lib\</path>
         <kind>archive</kind>
         <file>rts430x_lc_rd_eabi.lib</file>
         <name>addd.c.obj</name>
      </input_file>
      <input_file id="fl-45">
         <path>C:\ProgrammingSSD\ti\ccs1011\ccs\tools\compiler\ti-cgt-msp430_20.2.3.LTS\lib\</path>
         <kind>archive</kind>
         <file>rts430x_lc_rd_eabi.lib</file>
         <name>fs_add.asm.obj</name>
      </input_file>
      <input_file id="fl-46">
         <path>C:\ProgrammingSSD\ti\ccs1011\ccs\tools\compiler\ti-cgt-msp430_20.2.3.LTS\lib\</path>
         <kind>archive</kind>
         <file>rts430x_lc_rd_eabi.lib</file>
         <name>cvtdf.c.obj</name>
      </input_file>
      <input_file id="fl-47">
         <path>C:\ProgrammingSSD\ti\ccs1011\ccs\tools\compiler\ti-cgt-msp430_20.2.3.LTS\lib\</path>
         <kind>archive</kind>
         <file>rts430x_lc_rd_eabi.lib</file>
         <name>cvtfd.c.obj</name>
      </input_file>
      <input_file id="fl-48">
         <path>C:\ProgrammingSSD\ti\ccs1011\ccs\tools\compiler\ti-cgt-msp430_20.2.3.LTS\lib\</path>
         <kind>archive</kind>
         <file>rts430x_lc_rd_eabi.lib</file>
         <name>fs_div.asm.obj</name>
      </input_file>
      <input_file id="fl-49">
         <path>C:\ProgrammingSSD\ti\ccs1011\ccs\tools\compiler\ti-cgt-msp430_20.2.3.LTS\lib\</path>
         <kind>archive</kind>
         <file>rts430x_lc_rd_eabi.lib</file>
         <name>fs_toi.asm.obj</name>
      </input_file>
      <input_file id="fl-4a">
         <path>C:\ProgrammingSSD\ti\ccs1011\ccs\tools\compiler\ti-cgt-msp430_20.2.3.LTS\lib\</path>
         <kind>archive</kind>
         <file>rts430x_lc_rd_eabi.lib</file>
         <name>fs_tou.asm.obj</name>
      </input_file>
      <input_file id="fl-4b">
         <path>C:\ProgrammingSSD\ti\ccs1011\ccs\tools\compiler\ti-cgt-msp430_20.2.3.LTS\lib\</path>
         <kind>archive</kind>
         <file>rts430x_lc_rd_eabi.lib</file>
         <name>fs_itof.asm.obj</name>
      </input_file>
      <input_file id="fl-4c">
         <path>C:\ProgrammingSSD\ti\ccs1011\ccs\tools\compiler\ti-cgt-msp430_20.2.3.LTS\lib\</path>
         <kind>archive</kind>
         <file>rts430x_lc_rd_eabi.lib</file>
         <name>fltud.c.obj</name>
      </input_file>
      <input_file id="fl-4d">
         <path>C:\ProgrammingSSD\ti\ccs1011\ccs\tools\compiler\ti-cgt-msp430_20.2.3.LTS\lib\</path>
         <kind>archive</kind>
         <file>rts430x_lc_rd_eabi.lib</file>
         <name>fs_utof.asm.obj</name>
      </input_file>
      <input_file id="fl-4e">
         <path>C:\ProgrammingSSD\ti\ccs1011\ccs\tools\compiler\ti-cgt-msp430_20.2.3.LTS\lib\</path>
         <kind>archive</kind>
         <file>rts430x_lc_rd_eabi.lib</file>
         <name>fltuld.c.obj</name>
      </input_file>
      <input_file id="fl-4f">
         <path>C:\ProgrammingSSD\ti\ccs1011\ccs\tools\compiler\ti-cgt-msp430_20.2.3.LTS\lib\</path>
         <kind>archive</kind>
         <file>rts430x_lc_rd_eabi.lib</file>
         <name>mpyd.c.obj</name>
      </input_file>
      <input_file id="fl-50">
         <path>C:\ProgrammingSSD\ti\ccs1011\ccs\tools\compiler\ti-cgt-msp430_20.2.3.LTS\lib\</path>
         <kind>archive</kind>
         <file>rts430x_lc_rd_eabi.lib</file>
         <name>frcmpyd.c.obj</name>
      </input_file>
      <input_file id="fl-51">
         <path>C:\ProgrammingSSD\ti\ccs1011\ccs\tools\compiler\ti-cgt-msp430_20.2.3.LTS\lib\</path>
         <kind>archive</kind>
         <file>rts430x_lc_rd_eabi.lib</file>
         <name>fs_mpy.asm.obj</name>
      </input_file>
      <input_file id="fl-52">
         <path>C:\ProgrammingSSD\ti\ccs1011\ccs\tools\compiler\ti-cgt-msp430_20.2.3.LTS\lib\</path>
         <kind>archive</kind>
         <file>rts430x_lc_rd_eabi.lib</file>
         <name>mult16_f5hw.asm.obj</name>
      </input_file>
      <input_file id="fl-53">
         <path>C:\ProgrammingSSD\ti\ccs1011\ccs\tools\compiler\ti-cgt-msp430_20.2.3.LTS\lib\</path>
         <kind>archive</kind>
         <file>rts430x_lc_rd_eabi.lib</file>
         <name>mult32_f5hw.asm.obj</name>
      </input_file>
      <input_file id="fl-54">
         <path>C:\ProgrammingSSD\ti\ccs1011\ccs\tools\compiler\ti-cgt-msp430_20.2.3.LTS\lib\</path>
         <kind>archive</kind>
         <file>rts430x_lc_rd_eabi.lib</file>
         <name>mult64.asm.obj</name>
      </input_file>
      <input_file id="fl-55">
         <path>C:\ProgrammingSSD\ti\ccs1011\ccs\tools\compiler\ti-cgt-msp430_20.2.3.LTS\lib\</path>
         <kind>archive</kind>
         <file>rts430x_lc_rd_eabi.lib</file>
         <name>mult32.asm.obj</name>
      </input_file>
      <input_file id="fl-56">
         <path>C:\ProgrammingSSD\ti\ccs1011\ccs\tools\compiler\ti-cgt-msp430_20.2.3.LTS\lib\</path>
         <kind>archive</kind>
         <file>rts430x_lc_rd_eabi.lib</file>
         <name>mult64_f5hw.asm.obj</name>
      </input_file>
      <input_file id="fl-57">
         <path>C:\ProgrammingSSD\ti\ccs1011\ccs\tools\compiler\ti-cgt-msp430_20.2.3.LTS\lib\</path>
         <kind>archive</kind>
         <file>rts430x_lc_rd_eabi.lib</file>
         <name>mult1632_f5hw.asm.obj</name>
      </input_file>
      <input_file id="fl-58">
         <path>C:\ProgrammingSSD\ti\ccs1011\ccs\tools\compiler\ti-cgt-msp430_20.2.3.LTS\lib\</path>
         <kind>archive</kind>
         <file>rts430x_lc_rd_eabi.lib</file>
         <name>mult3264_f5hw.asm.obj</name>
      </input_file>
      <input_file id="fl-59">
         <path>C:\ProgrammingSSD\ti\ccs1011\ccs\tools\compiler\ti-cgt-msp430_20.2.3.LTS\lib\</path>
         <kind>archive</kind>
         <file>rts430x_lc_rd_eabi.lib</file>
         <name>mult1632.asm.obj</name>
      </input_file>
      <input_file id="fl-5a">
         <path>C:\ProgrammingSSD\ti\ccs1011\ccs\tools\compiler\ti-cgt-msp430_20.2.3.LTS\lib\</path>
         <kind>archive</kind>
         <file>rts430x_lc_rd_eabi.lib</file>
         <name>mult3264.asm.obj</name>
      </input_file>
      <input_file id="fl-5b">
         <path>C:\ProgrammingSSD\ti\ccs1011\ccs\tools\compiler\ti-cgt-msp430_20.2.3.LTS\lib\</path>
         <kind>archive</kind>
         <file>rts430x_lc_rd_eabi.lib</file>
         <name>lsl16.asm.obj</name>
      </input_file>
      <input_file id="fl-5c">
         <path>C:\ProgrammingSSD\ti\ccs1011\ccs\tools\compiler\ti-cgt-msp430_20.2.3.LTS\lib\</path>
         <kind>archive</kind>
         <file>rts430x_lc_rd_eabi.lib</file>
         <name>lsl32.asm.obj</name>
      </input_file>
      <input_file id="fl-5d">
         <path>C:\ProgrammingSSD\ti\ccs1011\ccs\tools\compiler\ti-cgt-msp430_20.2.3.LTS\lib\</path>
         <kind>archive</kind>
         <file>rts430x_lc_rd_eabi.lib</file>
         <name>lsl64.c.obj</name>
      </input_file>
      <input_file id="fl-5e">
         <path>C:\ProgrammingSSD\ti\ccs1011\ccs\tools\compiler\ti-cgt-msp430_20.2.3.LTS\lib\</path>
         <kind>archive</kind>
         <file>rts430x_lc_rd_eabi.lib</file>
         <name>asr32.asm.obj</name>
      </input_file>
      <input_file id="fl-5f">
         <path>C:\ProgrammingSSD\ti\ccs1011\ccs\tools\compiler\ti-cgt-msp430_20.2.3.LTS\lib\</path>
         <kind>archive</kind>
         <file>rts430x_lc_rd_eabi.lib</file>
         <name>asr64.c.obj</name>
      </input_file>
      <input_file id="fl-60">
         <path>C:\ProgrammingSSD\ti\ccs1011\ccs\tools\compiler\ti-cgt-msp430_20.2.3.LTS\lib\</path>
         <kind>archive</kind>
         <file>rts430x_lc_rd_eabi.lib</file>
         <name>lsr32.asm.obj</name>
      </input_file>
      <input_file id="fl-61">
         <path>C:\ProgrammingSSD\ti\ccs1011\ccs\tools\compiler\ti-cgt-msp430_20.2.3.LTS\lib\</path>
         <kind>archive</kind>
         <file>rts430x_lc_rd_eabi.lib</file>
         <name>lsr64.c.obj</name>
      </input_file>
      <input_file id="fl-62">
         <path>C:\ProgrammingSSD\ti\ccs1011\ccs\tools\compiler\ti-cgt-msp430_20.2.3.LTS\lib\</path>
         <kind>archive</kind>
         <file>rts430x_lc_rd_eabi.lib</file>
         <name>boot.c.obj</name>
      </input_file>
      <input_file id="fl-63">
         <path>C:\ProgrammingSSD\ti\ccs1011\ccs\ccs_base\msp430\lib\FR59xx\</path>
         <kind>archive</kind>
         <file>MSPMPU_INIT_LIB_CCS_msp430_large_code_restricted_data.lib</file>
         <name>mpu_init.o</name>
      </input_file>
      <input_file id="fl-64">
         <path>C:\ProgrammingSSD\ti\ccs1011\ccs\tools\compiler\ti-cgt-msp430_20.2.3.LTS\lib\</path>
         <kind>archive</kind>
         <file>rts430x_lc_rd_eabi.lib</file>
         <name>args_main.c.obj</name>
      </input_file>
      <input_file id="fl-65">
         <path>C:\ProgrammingSSD\ti\ccs1011\ccs\tools\compiler\ti-cgt-msp430_20.2.3.LTS\lib\</path>
         <kind>archive</kind>
         <file>rts430x_lc_rd_eabi.lib</file>
         <name>autoinit.c.obj</name>
      </input_file>
      <input_file id="fl-66">
         <path>C:\ProgrammingSSD\ti\ccs1011\ccs\tools\compiler\ti-cgt-msp430_20.2.3.LTS\lib\</path>
         <kind>archive</kind>
         <file>rts430x_lc_rd_eabi.lib</file>
         <name>startup.c.obj</name>
      </input_file>
      <input_file id="fl-67">
         <path>C:\ProgrammingSSD\ti\ccs1011\ccs\tools\compiler\ti-cgt-msp430_20.2.3.LTS\lib\</path>
         <kind>archive</kind>
         <file>rts430x_lc_rd_eabi.lib</file>
         <name>pre_init.c.obj</name>
      </input_file>
      <input_file id="fl-68">
         <path>C:\ProgrammingSSD\ti\ccs1011\ccs\tools\compiler\ti-cgt-msp430_20.2.3.LTS\lib\</path>
         <kind>archive</kind>
         <file>rts430x_lc_rd_eabi.lib</file>
         <name>cpy_tbl.c.obj</name>
      </input_file>
      <input_file id="fl-69">
         <path>C:\ProgrammingSSD\ti\ccs1011\ccs\tools\compiler\ti-cgt-msp430_20.2.3.LTS\lib\</path>
         <kind>archive</kind>
         <file>rts430x_lc_rd_eabi.lib</file>
         <name>mult16.asm.obj</name>
      </input_file>
      <input_file id="fl-6a">
         <path>C:\ProgrammingSSD\ti\ccs1011\ccs\tools\compiler\ti-cgt-msp430_20.2.3.LTS\lib\</path>
         <kind>archive</kind>
         <file>rts430x_lc_rd_eabi.lib</file>
         <name>exit.c.obj</name>
      </input_file>
      <input_file id="fl-6b">
         <path>C:\ProgrammingSSD\ti\ccs1011\ccs\tools\compiler\ti-cgt-msp430_20.2.3.LTS\lib\</path>
         <kind>archive</kind>
         <file>rts430x_lc_rd_eabi.lib</file>
         <name>exit_gvars.c.obj</name>
      </input_file>
      <input_file id="fl-6c">
         <path>C:\ProgrammingSSD\ti\ccs1011\ccs\tools\compiler\ti-cgt-msp430_20.2.3.LTS\lib\</path>
         <kind>archive</kind>
         <file>rts430x_lc_rd_eabi.lib</file>
         <name>_lock.c.obj</name>
      </input_file>
      <input_file id="fl-6d">
         <path>C:\ProgrammingSSD\ti\ccs1011\ccs\tools\compiler\ti-cgt-msp430_20.2.3.LTS\lib\</path>
         <kind>archive</kind>
         <file>rts430x_lc_rd_eabi.lib</file>
         <name>memcpy.c.obj</name>
      </input_file>
      <input_file id="fl-6e">
         <path>C:\ProgrammingSSD\ti\ccs1011\ccs\tools\compiler\ti-cgt-msp430_20.2.3.LTS\lib\</path>
         <kind>archive</kind>
         <file>rts430x_lc_rd_eabi.lib</file>
         <name>memset.c.obj</name>
      </input_file>
   </input_file_list>
   <object_component_list>
      <object_component id="oc-435">
         <name>.TI.persistent:DHT_rawData</name>
         <load_address>0x4400</load_address>
         <run_address>0x4400</run_address>
         <size>0x28</size>
         <input_file_ref idref="fl-2"/>
      </object_component>
      <object_component id="oc-450">
         <name>.TI.persistent:dataOut</name>
         <load_address>0x4428</load_address>
         <run_address>0x4428</run_address>
         <size>0xd</size>
         <input_file_ref idref="fl-2"/>
      </object_component>
      <object_component id="oc-4e7">
         <name>.TI.persistent:VoltOut</name>
         <load_address>0x4436</load_address>
         <run_address>0x4436</run_address>
         <size>0x2</size>
         <input_file_ref idref="fl-2"/>
      </object_component>
      <object_component id="oc-696">
         <name>__TI_handler_table</name>
         <load_address>0x493c</load_address>
         <run_address>0x493c</run_address>
         <size>0x8</size>
      </object_component>
      <object_component id="oc-698">
         <name>.cinit..data.load</name>
         <load_address>0x4944</load_address>
         <run_address>0x4944</run_address>
         <size>0x7</size>
      </object_component>
      <object_component id="oc-697">
         <name>__TI_cinit_table</name>
         <load_address>0x494c</load_address>
         <run_address>0x494c</run_address>
         <size>0x8</size>
      </object_component>
      <object_component id="oc-627">
         <name>.binit</name>
         <load_address>0x4400</load_address>
         <run_address>0x4400</run_address>
         <size>0x0</size>
      </object_component>
      <object_component id="oc-3d2">
         <name>.text:_isr:TA0_ISR</name>
         <load_address>0x4800</load_address>
         <run_address>0x4800</run_address>
         <size>0xca</size>
         <input_file_ref idref="fl-2"/>
      </object_component>
      <object_component id="oc-3d8">
         <name>.text:_isr:HC12_TX_ISR</name>
         <load_address>0x48ca</load_address>
         <run_address>0x48ca</run_address>
         <size>0x4a</size>
         <input_file_ref idref="fl-2"/>
      </object_component>
      <object_component id="oc-408">
         <name>.text:_isr:_c_int00_noargs_mpu</name>
         <load_address>0x4914</load_address>
         <run_address>0x4914</run_address>
         <size>0x20</size>
         <input_file_ref idref="fl-62"/>
      </object_component>
      <object_component id="oc-3cd">
         <name>.text:_isr:__TI_ISR_TRAP</name>
         <load_address>0x4934</load_address>
         <run_address>0x4934</run_address>
         <size>0x8</size>
         <input_file_ref idref="fl-2c"/>
      </object_component>
      <object_component id="oc-4d6">
         <name>.text:__mspabi_addd</name>
         <load_address>0x10000</load_address>
         <run_address>0x10000</run_address>
         <size>0x72a</size>
         <input_file_ref idref="fl-44"/>
      </object_component>
      <object_component id="oc-4c5">
         <name>.text:__mspabi_mpyd</name>
         <load_address>0x1072a</load_address>
         <run_address>0x1072a</run_address>
         <size>0x298</size>
         <input_file_ref idref="fl-4f"/>
      </object_component>
      <object_component id="oc-43e">
         <name>.text:GetVolt</name>
         <load_address>0x109c2</load_address>
         <run_address>0x109c2</run_address>
         <size>0x1d2</size>
         <input_file_ref idref="fl-2"/>
      </object_component>
      <object_component id="oc-55b">
         <name>.text:__TI_frcmpyd</name>
         <load_address>0x10b94</load_address>
         <run_address>0x10b94</run_address>
         <size>0x164</size>
         <input_file_ref idref="fl-50"/>
      </object_component>
      <object_component id="oc-4b5">
         <name>.text</name>
         <load_address>0x10cf8</load_address>
         <run_address>0x10cf8</run_address>
         <size>0x132</size>
         <input_file_ref idref="fl-45"/>
      </object_component>
      <object_component id="oc-444">
         <name>.text:DHT_countData</name>
         <load_address>0x10e2a</load_address>
         <run_address>0x10e2a</run_address>
         <size>0xf6</size>
         <input_file_ref idref="fl-2"/>
      </object_component>
      <object_component id="oc-4ab">
         <name>.text</name>
         <load_address>0x10f20</load_address>
         <run_address>0x10f20</run_address>
         <size>0xb8</size>
         <input_file_ref idref="fl-51"/>
      </object_component>
      <object_component id="oc-4dc">
         <name>.text:__mspabi_cvtdf</name>
         <load_address>0x10fd8</load_address>
         <run_address>0x10fd8</run_address>
         <size>0xb2</size>
         <input_file_ref idref="fl-46"/>
      </object_component>
      <object_component id="oc-4cb">
         <name>.text</name>
         <load_address>0x1108a</load_address>
         <run_address>0x1108a</run_address>
         <size>0x90</size>
         <input_file_ref idref="fl-48"/>
      </object_component>
      <object_component id="oc-554">
         <name>.text:__mspabi_fltuld</name>
         <load_address>0x1111a</load_address>
         <run_address>0x1111a</run_address>
         <size>0x80</size>
         <input_file_ref idref="fl-4e"/>
      </object_component>
      <object_component id="oc-76">
         <name>.text:decompress:lzss:__TI_decompress_lzss</name>
         <load_address>0x1119a</load_address>
         <run_address>0x1119a</run_address>
         <size>0x76</size>
         <input_file_ref idref="fl-29"/>
      </object_component>
      <object_component id="oc-42f">
         <name>.text:DHT_Initialize</name>
         <load_address>0x11210</load_address>
         <run_address>0x11210</run_address>
         <size>0x6a</size>
         <input_file_ref idref="fl-2"/>
      </object_component>
      <object_component id="oc-4e2">
         <name>.text</name>
         <load_address>0x1127a</load_address>
         <run_address>0x1127a</run_address>
         <size>0x68</size>
         <input_file_ref idref="fl-49"/>
      </object_component>
      <object_component id="oc-4d0">
         <name>.text:__mspabi_cvtfd</name>
         <load_address>0x112e2</load_address>
         <run_address>0x112e2</run_address>
         <size>0x64</size>
         <input_file_ref idref="fl-47"/>
      </object_component>
      <object_component id="oc-4a0">
         <name>.text:InsertSort</name>
         <load_address>0x11346</load_address>
         <run_address>0x11346</run_address>
         <size>0x5e</size>
         <input_file_ref idref="fl-2"/>
      </object_component>
      <object_component id="oc-5cc">
         <name>.text:__mpyll</name>
         <load_address>0x113a4</load_address>
         <run_address>0x113a4</run_address>
         <size>0x5c</size>
         <input_file_ref idref="fl-56"/>
      </object_component>
      <object_component id="oc-52e">
         <name>.text:__TI_auto_init_nobinit_nopinit_hold_wdt:__TI_auto_init_nobinit_nopinit_hold_wdt</name>
         <load_address>0x11400</load_address>
         <run_address>0x11400</run_address>
         <size>0x54</size>
         <input_file_ref idref="fl-65"/>
      </object_component>
      <object_component id="oc-44a">
         <name>.text:PacketPrepair</name>
         <load_address>0x11454</load_address>
         <run_address>0x11454</run_address>
         <size>0x4a</size>
         <input_file_ref idref="fl-2"/>
      </object_component>
      <object_component id="oc-4ba">
         <name>.text</name>
         <load_address>0x1149e</load_address>
         <run_address>0x1149e</run_address>
         <size>0x46</size>
         <input_file_ref idref="fl-4a"/>
      </object_component>
      <object_component id="oc-438">
         <name>.text:DHT_readData</name>
         <load_address>0x114e4</load_address>
         <run_address>0x114e4</run_address>
         <size>0x44</size>
         <input_file_ref idref="fl-2"/>
      </object_component>
      <object_component id="oc-574">
         <name>.text:__mspabi_srall</name>
         <load_address>0x11528</load_address>
         <run_address>0x11528</run_address>
         <size>0x40</size>
         <input_file_ref idref="fl-5f"/>
      </object_component>
      <object_component id="oc-569">
         <name>.text:l_asr_const</name>
         <load_address>0x11568</load_address>
         <run_address>0x11568</run_address>
         <size>0x3e</size>
         <input_file_ref idref="fl-5e"/>
      </object_component>
      <object_component id="oc-582">
         <name>.text:l_lsl_const</name>
         <load_address>0x115a6</load_address>
         <run_address>0x115a6</run_address>
         <size>0x3e</size>
         <input_file_ref idref="fl-5c"/>
      </object_component>
      <object_component id="oc-5c5">
         <name>.text:l_lsr_const</name>
         <load_address>0x115e4</load_address>
         <run_address>0x115e4</run_address>
         <size>0x3e</size>
         <input_file_ref idref="fl-60"/>
      </object_component>
      <object_component id="oc-468">
         <name>.text:main</name>
         <load_address>0x11622</load_address>
         <run_address>0x11622</run_address>
         <size>0x3e</size>
         <input_file_ref idref="fl-2"/>
      </object_component>
      <object_component id="oc-57a">
         <name>.text:__mspabi_sllll</name>
         <load_address>0x11660</load_address>
         <run_address>0x11660</run_address>
         <size>0x3a</size>
         <input_file_ref idref="fl-5d"/>
      </object_component>
      <object_component id="oc-5d6">
         <name>.text:__mspabi_srlll</name>
         <load_address>0x1169a</load_address>
         <run_address>0x1169a</run_address>
         <size>0x3a</size>
         <input_file_ref idref="fl-61"/>
      </object_component>
      <object_component id="oc-4b0">
         <name>.text</name>
         <load_address>0x116d4</load_address>
         <run_address>0x116d4</run_address>
         <size>0x36</size>
         <input_file_ref idref="fl-4b"/>
      </object_component>
      <object_component id="oc-4fd">
         <name>.text:Clock_Setting</name>
         <load_address>0x1170a</load_address>
         <run_address>0x1170a</run_address>
         <size>0x32</size>
         <input_file_ref idref="fl-2"/>
      </object_component>
      <object_component id="oc-47a">
         <name>.text:__mpu_init</name>
         <load_address>0x1173c</load_address>
         <run_address>0x1173c</run_address>
         <size>0x2c</size>
         <input_file_ref idref="fl-63"/>
      </object_component>
      <object_component id="oc-5d1">
         <name>.text:__mpyull</name>
         <load_address>0x11768</load_address>
         <run_address>0x11768</run_address>
         <size>0x2c</size>
         <input_file_ref idref="fl-58"/>
      </object_component>
      <object_component id="oc-503">
         <name>.text:UCA0_TX_Init</name>
         <load_address>0x11794</load_address>
         <run_address>0x11794</run_address>
         <size>0x28</size>
         <input_file_ref idref="fl-2"/>
      </object_component>
      <object_component id="oc-4f7">
         <name>.text:Pin_Initialize</name>
         <load_address>0x117bc</load_address>
         <run_address>0x117bc</run_address>
         <size>0x26</size>
         <input_file_ref idref="fl-2"/>
      </object_component>
      <object_component id="oc-4a6">
         <name>.text</name>
         <load_address>0x117e2</load_address>
         <run_address>0x117e2</run_address>
         <size>0x24</size>
         <input_file_ref idref="fl-4d"/>
      </object_component>
      <object_component id="oc-48f">
         <name>.text:Set_And_Wait_TimerA</name>
         <load_address>0x11806</load_address>
         <run_address>0x11806</run_address>
         <size>0x1e</size>
         <input_file_ref idref="fl-2"/>
      </object_component>
      <object_component id="oc-49a">
         <name>.text:memset</name>
         <load_address>0x11824</load_address>
         <run_address>0x11824</run_address>
         <size>0x16</size>
         <input_file_ref idref="fl-6e"/>
      </object_component>
      <object_component id="oc-3c0">
         <name>.text:memcpy</name>
         <load_address>0x1183a</load_address>
         <run_address>0x1183a</run_address>
         <size>0x14</size>
         <input_file_ref idref="fl-6d"/>
      </object_component>
      <object_component id="oc-7c">
         <name>.text:decompress:none:__TI_decompress_none</name>
         <load_address>0x1184e</load_address>
         <run_address>0x1184e</run_address>
         <size>0x12</size>
         <input_file_ref idref="fl-2a"/>
      </object_component>
      <object_component id="oc-4eb">
         <name>.text</name>
         <load_address>0x11860</load_address>
         <run_address>0x11860</run_address>
         <size>0xa</size>
         <input_file_ref idref="fl-5b"/>
      </object_component>
      <object_component id="oc-4bf">
         <name>.text:__mspabi_fltud</name>
         <load_address>0x1186a</load_address>
         <run_address>0x1186a</run_address>
         <size>0x6</size>
         <input_file_ref idref="fl-4c"/>
      </object_component>
      <object_component id="oc-50a">
         <name>.text:abort</name>
         <load_address>0x11870</load_address>
         <run_address>0x11870</run_address>
         <size>0x6</size>
         <input_file_ref idref="fl-6a"/>
      </object_component>
      <object_component id="oc-462">
         <name>.text:_system_pre_init</name>
         <load_address>0x11876</load_address>
         <run_address>0x11876</run_address>
         <size>0x4</size>
         <input_file_ref idref="fl-67"/>
      </object_component>
      <object_component id="oc-5a2">
         <name>.text:_system_post_cinit</name>
         <load_address>0x1187a</load_address>
         <run_address>0x1187a</run_address>
         <size>0x2</size>
         <input_file_ref idref="fl-66"/>
      </object_component>
      <object_component id="oc-42c">
         <name>.data</name>
         <load_address>0x1c00</load_address>
         <run_address>0x1c00</run_address>
         <size>0x4</size>
         <input_file_ref idref="fl-2"/>
      </object_component>
      <object_component id="oc-3b1">
         <name>.stack</name>
         <uninitialized>true</uninitialized>
         <run_address>0x2360</run_address>
         <size>0x4</size>
         <input_file_ref idref="fl-62"/>
      </object_component>
      <object_component id="oc-699">
         <name>.stack</name>
         <uninitialized>true</uninitialized>
         <run_address>0x2360</run_address>
         <size>0x0</size>
      </object_component>
      <object_component id="oc-82">
         <name>.int30</name>
         <load_address>0xffcc</load_address>
         <run_address>0xffcc</run_address>
         <size>0x2</size>
         <input_file_ref idref="fl-2b"/>
      </object_component>
      <object_component id="oc-83">
         <name>.int31</name>
         <load_address>0xffce</load_address>
         <run_address>0xffce</run_address>
         <size>0x2</size>
         <input_file_ref idref="fl-2d"/>
      </object_component>
      <object_component id="oc-84">
         <name>.int32</name>
         <load_address>0xffd0</load_address>
         <run_address>0xffd0</run_address>
         <size>0x2</size>
         <input_file_ref idref="fl-2e"/>
      </object_component>
      <object_component id="oc-85">
         <name>.int33</name>
         <load_address>0xffd2</load_address>
         <run_address>0xffd2</run_address>
         <size>0x2</size>
         <input_file_ref idref="fl-2f"/>
      </object_component>
      <object_component id="oc-86">
         <name>.int34</name>
         <load_address>0xffd4</load_address>
         <run_address>0xffd4</run_address>
         <size>0x2</size>
         <input_file_ref idref="fl-30"/>
      </object_component>
      <object_component id="oc-87">
         <name>.int35</name>
         <load_address>0xffd6</load_address>
         <run_address>0xffd6</run_address>
         <size>0x2</size>
         <input_file_ref idref="fl-31"/>
      </object_component>
      <object_component id="oc-88">
         <name>.int36</name>
         <load_address>0xffd8</load_address>
         <run_address>0xffd8</run_address>
         <size>0x2</size>
         <input_file_ref idref="fl-32"/>
      </object_component>
      <object_component id="oc-89">
         <name>.int37</name>
         <load_address>0xffda</load_address>
         <run_address>0xffda</run_address>
         <size>0x2</size>
         <input_file_ref idref="fl-33"/>
      </object_component>
      <object_component id="oc-8a">
         <name>.int38</name>
         <load_address>0xffdc</load_address>
         <run_address>0xffdc</run_address>
         <size>0x2</size>
         <input_file_ref idref="fl-34"/>
      </object_component>
      <object_component id="oc-8b">
         <name>.int39</name>
         <load_address>0xffde</load_address>
         <run_address>0xffde</run_address>
         <size>0x2</size>
         <input_file_ref idref="fl-35"/>
      </object_component>
      <object_component id="oc-8c">
         <name>.int40</name>
         <load_address>0xffe0</load_address>
         <run_address>0xffe0</run_address>
         <size>0x2</size>
         <input_file_ref idref="fl-36"/>
      </object_component>
      <object_component id="oc-8d">
         <name>.int41</name>
         <load_address>0xffe2</load_address>
         <run_address>0xffe2</run_address>
         <size>0x2</size>
         <input_file_ref idref="fl-37"/>
      </object_component>
      <object_component id="oc-8e">
         <name>.int42</name>
         <load_address>0xffe4</load_address>
         <run_address>0xffe4</run_address>
         <size>0x2</size>
         <input_file_ref idref="fl-38"/>
      </object_component>
      <object_component id="oc-8f">
         <name>.int43</name>
         <load_address>0xffe6</load_address>
         <run_address>0xffe6</run_address>
         <size>0x2</size>
         <input_file_ref idref="fl-39"/>
      </object_component>
      <object_component id="oc-90">
         <name>.int44</name>
         <load_address>0xffe8</load_address>
         <run_address>0xffe8</run_address>
         <size>0x2</size>
         <input_file_ref idref="fl-3a"/>
      </object_component>
      <object_component id="oc-91">
         <name>.int45</name>
         <load_address>0xffea</load_address>
         <run_address>0xffea</run_address>
         <size>0x2</size>
         <input_file_ref idref="fl-2"/>
      </object_component>
      <object_component id="oc-92">
         <name>.int46</name>
         <load_address>0xffec</load_address>
         <run_address>0xffec</run_address>
         <size>0x2</size>
         <input_file_ref idref="fl-3b"/>
      </object_component>
      <object_component id="oc-93">
         <name>.int47</name>
         <load_address>0xffee</load_address>
         <run_address>0xffee</run_address>
         <size>0x2</size>
         <input_file_ref idref="fl-3c"/>
      </object_component>
      <object_component id="oc-94">
         <name>.int48</name>
         <load_address>0xfff0</load_address>
         <run_address>0xfff0</run_address>
         <size>0x2</size>
         <input_file_ref idref="fl-2"/>
      </object_component>
      <object_component id="oc-95">
         <name>.int49</name>
         <load_address>0xfff2</load_address>
         <run_address>0xfff2</run_address>
         <size>0x2</size>
         <input_file_ref idref="fl-3d"/>
      </object_component>
      <object_component id="oc-96">
         <name>.int50</name>
         <load_address>0xfff4</load_address>
         <run_address>0xfff4</run_address>
         <size>0x2</size>
         <input_file_ref idref="fl-3e"/>
      </object_component>
      <object_component id="oc-97">
         <name>.int51</name>
         <load_address>0xfff6</load_address>
         <run_address>0xfff6</run_address>
         <size>0x2</size>
         <input_file_ref idref="fl-3f"/>
      </object_component>
      <object_component id="oc-98">
         <name>.int52</name>
         <load_address>0xfff8</load_address>
         <run_address>0xfff8</run_address>
         <size>0x2</size>
         <input_file_ref idref="fl-40"/>
      </object_component>
      <object_component id="oc-99">
         <name>.int53</name>
         <load_address>0xfffa</load_address>
         <run_address>0xfffa</run_address>
         <size>0x2</size>
         <input_file_ref idref="fl-41"/>
      </object_component>
      <object_component id="oc-9a">
         <name>.int54</name>
         <load_address>0xfffc</load_address>
         <run_address>0xfffc</run_address>
         <size>0x2</size>
         <input_file_ref idref="fl-42"/>
      </object_component>
      <object_component id="oc-3b4">
         <name>.reset</name>
         <load_address>0xfffe</load_address>
         <run_address>0xfffe</run_address>
         <size>0x2</size>
         <input_file_ref idref="fl-62"/>
      </object_component>
      <object_component id="oc-496">
         <name>.debug_info</name>
         <load_address>0x0</load_address>
         <run_address>0x0</run_address>
         <size>0x69f</size>
         <input_file_ref idref="fl-2"/>
      </object_component>
      <object_component id="oc-4e8">
         <name>.debug_info</name>
         <load_address>0x69f</load_address>
         <run_address>0x69f</run_address>
         <size>0xeb</size>
         <input_file_ref idref="fl-2"/>
      </object_component>
      <object_component id="oc-451">
         <name>.debug_info</name>
         <load_address>0x78a</load_address>
         <run_address>0x78a</run_address>
         <size>0xeb</size>
         <input_file_ref idref="fl-2"/>
      </object_component>
      <object_component id="oc-436">
         <name>.debug_info</name>
         <load_address>0x875</load_address>
         <run_address>0x875</run_address>
         <size>0xf3</size>
         <input_file_ref idref="fl-2"/>
      </object_component>
      <object_component id="oc-42d">
         <name>.debug_info</name>
         <load_address>0x968</load_address>
         <run_address>0x968</run_address>
         <size>0x122</size>
         <input_file_ref idref="fl-2"/>
      </object_component>
      <object_component id="oc-4f8">
         <name>.debug_info</name>
         <load_address>0xa8a</load_address>
         <run_address>0xa8a</run_address>
         <size>0x19f</size>
         <input_file_ref idref="fl-2"/>
      </object_component>
      <object_component id="oc-4fe">
         <name>.debug_info</name>
         <load_address>0xc29</load_address>
         <run_address>0xc29</run_address>
         <size>0x19d</size>
         <input_file_ref idref="fl-2"/>
      </object_component>
      <object_component id="oc-504">
         <name>.debug_info</name>
         <load_address>0xdc6</load_address>
         <run_address>0xdc6</run_address>
         <size>0x19b</size>
         <input_file_ref idref="fl-2"/>
      </object_component>
      <object_component id="oc-469">
         <name>.debug_info</name>
         <load_address>0xf61</load_address>
         <run_address>0xf61</run_address>
         <size>0x169</size>
         <input_file_ref idref="fl-2"/>
      </object_component>
      <object_component id="oc-490">
         <name>.debug_info</name>
         <load_address>0x10ca</load_address>
         <run_address>0x10ca</run_address>
         <size>0x15e</size>
         <input_file_ref idref="fl-2"/>
      </object_component>
      <object_component id="oc-430">
         <name>.debug_info</name>
         <load_address>0x1228</load_address>
         <run_address>0x1228</run_address>
         <size>0x1b5</size>
         <input_file_ref idref="fl-2"/>
      </object_component>
      <object_component id="oc-439">
         <name>.debug_info</name>
         <load_address>0x13dd</load_address>
         <run_address>0x13dd</run_address>
         <size>0x17c</size>
         <input_file_ref idref="fl-2"/>
      </object_component>
      <object_component id="oc-4a1">
         <name>.debug_info</name>
         <load_address>0x1559</load_address>
         <run_address>0x1559</run_address>
         <size>0x1f8</size>
         <input_file_ref idref="fl-2"/>
      </object_component>
      <object_component id="oc-43f">
         <name>.debug_info</name>
         <load_address>0x1751</load_address>
         <run_address>0x1751</run_address>
         <size>0x455</size>
         <input_file_ref idref="fl-2"/>
      </object_component>
      <object_component id="oc-445">
         <name>.debug_info</name>
         <load_address>0x1ba6</load_address>
         <run_address>0x1ba6</run_address>
         <size>0x205</size>
         <input_file_ref idref="fl-2"/>
      </object_component>
      <object_component id="oc-44b">
         <name>.debug_info</name>
         <load_address>0x1dab</load_address>
         <run_address>0x1dab</run_address>
         <size>0x159</size>
         <input_file_ref idref="fl-2"/>
      </object_component>
      <object_component id="oc-3d3">
         <name>.debug_info</name>
         <load_address>0x1f04</load_address>
         <run_address>0x1f04</run_address>
         <size>0x1a8</size>
         <input_file_ref idref="fl-2"/>
      </object_component>
      <object_component id="oc-3d9">
         <name>.debug_info</name>
         <load_address>0x20ac</load_address>
         <run_address>0x20ac</run_address>
         <size>0x138</size>
         <input_file_ref idref="fl-2"/>
      </object_component>
      <object_component id="oc-454">
         <name>.debug_info</name>
         <load_address>0x21e4</load_address>
         <run_address>0x21e4</run_address>
         <size>0x9e</size>
         <input_file_ref idref="fl-2"/>
      </object_component>
      <object_component id="oc-3bb">
         <name>.debug_info</name>
         <load_address>0x2282</load_address>
         <run_address>0x2282</run_address>
         <size>0x84</size>
         <input_file_ref idref="fl-2"/>
      </object_component>
      <object_component id="oc-421">
         <name>.debug_info</name>
         <load_address>0x2306</load_address>
         <run_address>0x2306</run_address>
         <size>0x17b</size>
         <input_file_ref idref="fl-29"/>
      </object_component>
      <object_component id="oc-77">
         <name>.debug_info</name>
         <load_address>0x2481</load_address>
         <run_address>0x2481</run_address>
         <size>0x250</size>
         <input_file_ref idref="fl-29"/>
      </object_component>
      <object_component id="oc-3b6">
         <name>.debug_info</name>
         <load_address>0x26d1</load_address>
         <run_address>0x26d1</run_address>
         <size>0x60</size>
         <input_file_ref idref="fl-29"/>
      </object_component>
      <object_component id="oc-484">
         <name>.debug_info</name>
         <load_address>0x2731</load_address>
         <run_address>0x2731</run_address>
         <size>0x46</size>
         <input_file_ref idref="fl-29"/>
      </object_component>
      <object_component id="oc-41c">
         <name>.debug_info</name>
         <load_address>0x2777</load_address>
         <run_address>0x2777</run_address>
         <size>0x39</size>
         <input_file_ref idref="fl-29"/>
      </object_component>
      <object_component id="oc-3cc">
         <name>.debug_info</name>
         <load_address>0x27b0</load_address>
         <run_address>0x27b0</run_address>
         <size>0x18f</size>
         <input_file_ref idref="fl-2a"/>
      </object_component>
      <object_component id="oc-7f">
         <name>.debug_info</name>
         <load_address>0x293f</load_address>
         <run_address>0x293f</run_address>
         <size>0x1d3</size>
         <input_file_ref idref="fl-2a"/>
      </object_component>
      <object_component id="oc-3c7">
         <name>.debug_info</name>
         <load_address>0x2b12</load_address>
         <run_address>0x2b12</run_address>
         <size>0x46</size>
         <input_file_ref idref="fl-2a"/>
      </object_component>
      <object_component id="oc-3ce">
         <name>.debug_info</name>
         <load_address>0x2b58</load_address>
         <run_address>0x2b58</run_address>
         <size>0x10f</size>
         <input_file_ref idref="fl-2c"/>
      </object_component>
      <object_component id="oc-581">
         <name>.debug_info</name>
         <load_address>0x2c67</load_address>
         <run_address>0x2c67</run_address>
         <size>0x169</size>
         <input_file_ref idref="fl-44"/>
      </object_component>
      <object_component id="oc-4d8">
         <name>.debug_info</name>
         <load_address>0x2dd0</load_address>
         <run_address>0x2dd0</run_address>
         <size>0x3a0</size>
         <input_file_ref idref="fl-44"/>
      </object_component>
      <object_component id="oc-4b8">
         <name>.debug_info</name>
         <load_address>0x3170</load_address>
         <run_address>0x3170</run_address>
         <size>0x121</size>
         <input_file_ref idref="fl-45"/>
      </object_component>
      <object_component id="oc-588">
         <name>.debug_info</name>
         <load_address>0x3291</load_address>
         <run_address>0x3291</run_address>
         <size>0x16a</size>
         <input_file_ref idref="fl-46"/>
      </object_component>
      <object_component id="oc-4dd">
         <name>.debug_info</name>
         <load_address>0x33fb</load_address>
         <run_address>0x33fb</run_address>
         <size>0x1db</size>
         <input_file_ref idref="fl-46"/>
      </object_component>
      <object_component id="oc-56f">
         <name>.debug_info</name>
         <load_address>0x35d6</load_address>
         <run_address>0x35d6</run_address>
         <size>0xdb</size>
         <input_file_ref idref="fl-46"/>
      </object_component>
      <object_component id="oc-4d1">
         <name>.debug_info</name>
         <load_address>0x36b1</load_address>
         <run_address>0x36b1</run_address>
         <size>0x19c</size>
         <input_file_ref idref="fl-47"/>
      </object_component>
      <object_component id="oc-4cc">
         <name>.debug_info</name>
         <load_address>0x384d</load_address>
         <run_address>0x384d</run_address>
         <size>0x121</size>
         <input_file_ref idref="fl-48"/>
      </object_component>
      <object_component id="oc-4e5">
         <name>.debug_info</name>
         <load_address>0x396e</load_address>
         <run_address>0x396e</run_address>
         <size>0x135</size>
         <input_file_ref idref="fl-49"/>
      </object_component>
      <object_component id="oc-4bc">
         <name>.debug_info</name>
         <load_address>0x3aa3</load_address>
         <run_address>0x3aa3</run_address>
         <size>0x12f</size>
         <input_file_ref idref="fl-4a"/>
      </object_component>
      <object_component id="oc-4b1">
         <name>.debug_info</name>
         <load_address>0x3bd2</load_address>
         <run_address>0x3bd2</run_address>
         <size>0x12a</size>
         <input_file_ref idref="fl-4b"/>
      </object_component>
      <object_component id="oc-4c2">
         <name>.debug_info</name>
         <load_address>0x3cfc</load_address>
         <run_address>0x3cfc</run_address>
         <size>0x166</size>
         <input_file_ref idref="fl-4c"/>
      </object_component>
      <object_component id="oc-4a8">
         <name>.debug_info</name>
         <load_address>0x3e62</load_address>
         <run_address>0x3e62</run_address>
         <size>0x124</size>
         <input_file_ref idref="fl-4d"/>
      </object_component>
      <object_component id="oc-5cb">
         <name>.debug_info</name>
         <load_address>0x3f86</load_address>
         <run_address>0x3f86</run_address>
         <size>0x175</size>
         <input_file_ref idref="fl-4e"/>
      </object_component>
      <object_component id="oc-557">
         <name>.debug_info</name>
         <load_address>0x40fb</load_address>
         <run_address>0x40fb</run_address>
         <size>0x1c1</size>
         <input_file_ref idref="fl-4e"/>
      </object_component>
      <object_component id="oc-563">
         <name>.debug_info</name>
         <load_address>0x42bc</load_address>
         <run_address>0x42bc</run_address>
         <size>0x94</size>
         <input_file_ref idref="fl-4e"/>
      </object_component>
      <object_component id="oc-562">
         <name>.debug_info</name>
         <load_address>0x4350</load_address>
         <run_address>0x4350</run_address>
         <size>0x19c</size>
         <input_file_ref idref="fl-4f"/>
      </object_component>
      <object_component id="oc-4c7">
         <name>.debug_info</name>
         <load_address>0x44ec</load_address>
         <run_address>0x44ec</run_address>
         <size>0x295</size>
         <input_file_ref idref="fl-4f"/>
      </object_component>
      <object_component id="oc-55d">
         <name>.debug_info</name>
         <load_address>0x4781</load_address>
         <run_address>0x4781</run_address>
         <size>0x244</size>
         <input_file_ref idref="fl-50"/>
      </object_component>
      <object_component id="oc-4ad">
         <name>.debug_info</name>
         <load_address>0x49c5</load_address>
         <run_address>0x49c5</run_address>
         <size>0x121</size>
         <input_file_ref idref="fl-51"/>
      </object_component>
      <object_component id="oc-5cd">
         <name>.debug_info</name>
         <load_address>0x4ae6</load_address>
         <run_address>0x4ae6</run_address>
         <size>0x132</size>
         <input_file_ref idref="fl-56"/>
      </object_component>
      <object_component id="oc-5d4">
         <name>.debug_info</name>
         <load_address>0x4c18</load_address>
         <run_address>0x4c18</run_address>
         <size>0x136</size>
         <input_file_ref idref="fl-58"/>
      </object_component>
      <object_component id="oc-4ec">
         <name>.debug_info</name>
         <load_address>0x4d4e</load_address>
         <run_address>0x4d4e</run_address>
         <size>0x120</size>
         <input_file_ref idref="fl-5b"/>
      </object_component>
      <object_component id="oc-583">
         <name>.debug_info</name>
         <load_address>0x4e6e</load_address>
         <run_address>0x4e6e</run_address>
         <size>0x126</size>
         <input_file_ref idref="fl-5c"/>
      </object_component>
      <object_component id="oc-57c">
         <name>.debug_info</name>
         <load_address>0x4f94</load_address>
         <run_address>0x4f94</run_address>
         <size>0x188</size>
         <input_file_ref idref="fl-5d"/>
      </object_component>
      <object_component id="oc-56a">
         <name>.debug_info</name>
         <load_address>0x511c</load_address>
         <run_address>0x511c</run_address>
         <size>0x126</size>
         <input_file_ref idref="fl-5e"/>
      </object_component>
      <object_component id="oc-577">
         <name>.debug_info</name>
         <load_address>0x5242</load_address>
         <run_address>0x5242</run_address>
         <size>0x188</size>
         <input_file_ref idref="fl-5f"/>
      </object_component>
      <object_component id="oc-5c6">
         <name>.debug_info</name>
         <load_address>0x53ca</load_address>
         <run_address>0x53ca</run_address>
         <size>0x126</size>
         <input_file_ref idref="fl-60"/>
      </object_component>
      <object_component id="oc-5d7">
         <name>.debug_info</name>
         <load_address>0x54f0</load_address>
         <run_address>0x54f0</run_address>
         <size>0x188</size>
         <input_file_ref idref="fl-61"/>
      </object_component>
      <object_component id="oc-3b2">
         <name>.debug_info</name>
         <load_address>0x5678</load_address>
         <run_address>0x5678</run_address>
         <size>0x100</size>
         <input_file_ref idref="fl-62"/>
      </object_component>
      <object_component id="oc-40b">
         <name>.debug_info</name>
         <load_address>0x5778</load_address>
         <run_address>0x5778</run_address>
         <size>0x193</size>
         <input_file_ref idref="fl-62"/>
      </object_component>
      <object_component id="oc-47c">
         <name>.debug_info</name>
         <load_address>0x590b</load_address>
         <run_address>0x590b</run_address>
         <size>0xf2</size>
         <input_file_ref idref="fl-63"/>
      </object_component>
      <object_component id="oc-5a9">
         <name>.debug_info</name>
         <load_address>0x59fd</load_address>
         <run_address>0x59fd</run_address>
         <size>0x3fc</size>
         <input_file_ref idref="fl-65"/>
      </object_component>
      <object_component id="oc-530">
         <name>.debug_info</name>
         <load_address>0x5df9</load_address>
         <run_address>0x5df9</run_address>
         <size>0x230</size>
         <input_file_ref idref="fl-65"/>
      </object_component>
      <object_component id="oc-5fe">
         <name>.debug_info</name>
         <load_address>0x6029</load_address>
         <run_address>0x6029</run_address>
         <size>0x39</size>
         <input_file_ref idref="fl-65"/>
      </object_component>
      <object_component id="oc-60f">
         <name>.debug_info</name>
         <load_address>0x6062</load_address>
         <run_address>0x6062</run_address>
         <size>0x2c</size>
         <input_file_ref idref="fl-65"/>
      </object_component>
      <object_component id="oc-5b4">
         <name>.debug_info</name>
         <load_address>0x608e</load_address>
         <run_address>0x608e</run_address>
         <size>0x2c</size>
         <input_file_ref idref="fl-65"/>
      </object_component>
      <object_component id="oc-603">
         <name>.debug_info</name>
         <load_address>0x60ba</load_address>
         <run_address>0x60ba</run_address>
         <size>0xcd</size>
         <input_file_ref idref="fl-65"/>
      </object_component>
      <object_component id="oc-5a5">
         <name>.debug_info</name>
         <load_address>0x6187</load_address>
         <run_address>0x6187</run_address>
         <size>0x150</size>
         <input_file_ref idref="fl-66"/>
      </object_component>
      <object_component id="oc-464">
         <name>.debug_info</name>
         <load_address>0x62d7</load_address>
         <run_address>0x62d7</run_address>
         <size>0x153</size>
         <input_file_ref idref="fl-67"/>
      </object_component>
      <object_component id="oc-424">
         <name>.debug_info</name>
         <load_address>0x642a</load_address>
         <run_address>0x642a</run_address>
         <size>0x2c</size>
         <input_file_ref idref="fl-68"/>
      </object_component>
      <object_component id="oc-50c">
         <name>.debug_info</name>
         <load_address>0x6456</load_address>
         <run_address>0x6456</run_address>
         <size>0x122</size>
         <input_file_ref idref="fl-6a"/>
      </object_component>
      <object_component id="oc-423">
         <name>.debug_info</name>
         <load_address>0x6578</load_address>
         <run_address>0x6578</run_address>
         <size>0x19a</size>
         <input_file_ref idref="fl-6d"/>
      </object_component>
      <object_component id="oc-3c1">
         <name>.debug_info</name>
         <load_address>0x6712</load_address>
         <run_address>0x6712</run_address>
         <size>0x17a</size>
         <input_file_ref idref="fl-6d"/>
      </object_component>
      <object_component id="oc-54d">
         <name>.debug_info</name>
         <load_address>0x688c</load_address>
         <run_address>0x688c</run_address>
         <size>0x177</size>
         <input_file_ref idref="fl-6e"/>
      </object_component>
      <object_component id="oc-49c">
         <name>.debug_info</name>
         <load_address>0x6a03</load_address>
         <run_address>0x6a03</run_address>
         <size>0x275</size>
         <input_file_ref idref="fl-6e"/>
      </object_component>
      <object_component id="oc-69b">
         <name>.debug_info</name>
         <load_address>0x6c78</load_address>
         <run_address>0x6c78</run_address>
         <size>0xaf</size>
      </object_component>
      <object_component id="oc-54b">
         <name>.debug_line</name>
         <load_address>0x0</load_address>
         <run_address>0x0</run_address>
         <size>0x6b</size>
         <input_file_ref idref="fl-2"/>
      </object_component>
      <object_component id="oc-58b">
         <name>.debug_line</name>
         <load_address>0x6b</load_address>
         <run_address>0x6b</run_address>
         <size>0x6b</size>
         <input_file_ref idref="fl-2"/>
      </object_component>
      <object_component id="oc-4f3">
         <name>.debug_line</name>
         <load_address>0xd6</load_address>
         <run_address>0xd6</run_address>
         <size>0x3a</size>
         <input_file_ref idref="fl-2"/>
      </object_component>
      <object_component id="oc-498">
         <name>.debug_line</name>
         <load_address>0x110</load_address>
         <run_address>0x110</run_address>
         <size>0x3a</size>
         <input_file_ref idref="fl-2"/>
      </object_component>
      <object_component id="oc-48e">
         <name>.debug_line</name>
         <load_address>0x14a</load_address>
         <run_address>0x14a</run_address>
         <size>0x3a</size>
         <input_file_ref idref="fl-2"/>
      </object_component>
      <object_component id="oc-4fc">
         <name>.debug_line</name>
         <load_address>0x184</load_address>
         <run_address>0x184</run_address>
         <size>0x96</size>
         <input_file_ref idref="fl-2"/>
      </object_component>
      <object_component id="oc-501">
         <name>.debug_line</name>
         <load_address>0x21a</load_address>
         <run_address>0x21a</run_address>
         <size>0x8b</size>
         <input_file_ref idref="fl-2"/>
      </object_component>
      <object_component id="oc-507">
         <name>.debug_line</name>
         <load_address>0x2a5</load_address>
         <run_address>0x2a5</run_address>
         <size>0x84</size>
         <input_file_ref idref="fl-2"/>
      </object_component>
      <object_component id="oc-46d">
         <name>.debug_line</name>
         <load_address>0x329</load_address>
         <run_address>0x329</run_address>
         <size>0x5b</size>
         <input_file_ref idref="fl-2"/>
      </object_component>
      <object_component id="oc-494">
         <name>.debug_line</name>
         <load_address>0x384</load_address>
         <run_address>0x384</run_address>
         <size>0x54</size>
         <input_file_ref idref="fl-2"/>
      </object_component>
      <object_component id="oc-434">
         <name>.debug_line</name>
         <load_address>0x3d8</load_address>
         <run_address>0x3d8</run_address>
         <size>0x76</size>
         <input_file_ref idref="fl-2"/>
      </object_component>
      <object_component id="oc-43d">
         <name>.debug_line</name>
         <load_address>0x44e</load_address>
         <run_address>0x44e</run_address>
         <size>0x61</size>
         <input_file_ref idref="fl-2"/>
      </object_component>
      <object_component id="oc-4a4">
         <name>.debug_line</name>
         <load_address>0x4af</load_address>
         <run_address>0x4af</run_address>
         <size>0x97</size>
         <input_file_ref idref="fl-2"/>
      </object_component>
      <object_component id="oc-442">
         <name>.debug_line</name>
         <load_address>0x546</load_address>
         <run_address>0x546</run_address>
         <size>0xaa</size>
         <input_file_ref idref="fl-2"/>
      </object_component>
      <object_component id="oc-448">
         <name>.debug_line</name>
         <load_address>0x5f0</load_address>
         <run_address>0x5f0</run_address>
         <size>0x91</size>
         <input_file_ref idref="fl-2"/>
      </object_component>
      <object_component id="oc-44f">
         <name>.debug_line</name>
         <load_address>0x681</load_address>
         <run_address>0x681</run_address>
         <size>0x5c</size>
         <input_file_ref idref="fl-2"/>
      </object_component>
      <object_component id="oc-3d6">
         <name>.debug_line</name>
         <load_address>0x6dd</load_address>
         <run_address>0x6dd</run_address>
         <size>0x7e</size>
         <input_file_ref idref="fl-2"/>
      </object_component>
      <object_component id="oc-3dd">
         <name>.debug_line</name>
         <load_address>0x75b</load_address>
         <run_address>0x75b</run_address>
         <size>0x59</size>
         <input_file_ref idref="fl-2"/>
      </object_component>
      <object_component id="oc-457">
         <name>.debug_line</name>
         <load_address>0x7b4</load_address>
         <run_address>0x7b4</run_address>
         <size>0x3a</size>
         <input_file_ref idref="fl-2"/>
      </object_component>
      <object_component id="oc-3be">
         <name>.debug_line</name>
         <load_address>0x7ee</load_address>
         <run_address>0x7ee</run_address>
         <size>0x20</size>
         <input_file_ref idref="fl-2"/>
      </object_component>
      <object_component id="oc-48a">
         <name>.debug_line</name>
         <load_address>0x80e</load_address>
         <run_address>0x80e</run_address>
         <size>0x20</size>
         <input_file_ref idref="fl-29"/>
      </object_component>
      <object_component id="oc-7a">
         <name>.debug_line</name>
         <load_address>0x82e</load_address>
         <run_address>0x82e</run_address>
         <size>0x99</size>
         <input_file_ref idref="fl-29"/>
      </object_component>
      <object_component id="oc-3b9">
         <name>.debug_line</name>
         <load_address>0x8c7</load_address>
         <run_address>0x8c7</run_address>
         <size>0x3a</size>
         <input_file_ref idref="fl-29"/>
      </object_component>
      <object_component id="oc-487">
         <name>.debug_line</name>
         <load_address>0x901</load_address>
         <run_address>0x901</run_address>
         <size>0x9a</size>
         <input_file_ref idref="fl-29"/>
      </object_component>
      <object_component id="oc-41f">
         <name>.debug_line</name>
         <load_address>0x99b</load_address>
         <run_address>0x99b</run_address>
         <size>0x96</size>
         <input_file_ref idref="fl-29"/>
      </object_component>
      <object_component id="oc-42a">
         <name>.debug_line</name>
         <load_address>0xa31</load_address>
         <run_address>0xa31</run_address>
         <size>0x20</size>
         <input_file_ref idref="fl-2a"/>
      </object_component>
      <object_component id="oc-7e">
         <name>.debug_line</name>
         <load_address>0xa51</load_address>
         <run_address>0xa51</run_address>
         <size>0x50</size>
         <input_file_ref idref="fl-2a"/>
      </object_component>
      <object_component id="oc-3ca">
         <name>.debug_line</name>
         <load_address>0xaa1</load_address>
         <run_address>0xaa1</run_address>
         <size>0x3a</size>
         <input_file_ref idref="fl-2a"/>
      </object_component>
      <object_component id="oc-3d1">
         <name>.debug_line</name>
         <load_address>0xadb</load_address>
         <run_address>0xadb</run_address>
         <size>0x3d</size>
         <input_file_ref idref="fl-2c"/>
      </object_component>
      <object_component id="oc-5e3">
         <name>.debug_line</name>
         <load_address>0xb18</load_address>
         <run_address>0xb18</run_address>
         <size>0x20</size>
         <input_file_ref idref="fl-44"/>
      </object_component>
      <object_component id="oc-4d7">
         <name>.debug_line</name>
         <load_address>0xb38</load_address>
         <run_address>0xb38</run_address>
         <size>0x17f</size>
         <input_file_ref idref="fl-44"/>
      </object_component>
      <object_component id="oc-4b6">
         <name>.debug_line</name>
         <load_address>0xcb7</load_address>
         <run_address>0xcb7</run_address>
         <size>0xbb</size>
         <input_file_ref idref="fl-45"/>
      </object_component>
      <object_component id="oc-5e6">
         <name>.debug_line</name>
         <load_address>0xd72</load_address>
         <run_address>0xd72</run_address>
         <size>0x20</size>
         <input_file_ref idref="fl-46"/>
      </object_component>
      <object_component id="oc-4e0">
         <name>.debug_line</name>
         <load_address>0xd92</load_address>
         <run_address>0xd92</run_address>
         <size>0x76</size>
         <input_file_ref idref="fl-46"/>
      </object_component>
      <object_component id="oc-572">
         <name>.debug_line</name>
         <load_address>0xe08</load_address>
         <run_address>0xe08</run_address>
         <size>0x2e</size>
         <input_file_ref idref="fl-46"/>
      </object_component>
      <object_component id="oc-4d5">
         <name>.debug_line</name>
         <load_address>0xe36</load_address>
         <run_address>0xe36</run_address>
         <size>0x56</size>
         <input_file_ref idref="fl-47"/>
      </object_component>
      <object_component id="oc-4cf">
         <name>.debug_line</name>
         <load_address>0xe8c</load_address>
         <run_address>0xe8c</run_address>
         <size>0x7d</size>
         <input_file_ref idref="fl-48"/>
      </object_component>
      <object_component id="oc-4e3">
         <name>.debug_line</name>
         <load_address>0xf09</load_address>
         <run_address>0xf09</run_address>
         <size>0x68</size>
         <input_file_ref idref="fl-49"/>
      </object_component>
      <object_component id="oc-4bb">
         <name>.debug_line</name>
         <load_address>0xf71</load_address>
         <run_address>0xf71</run_address>
         <size>0x5a</size>
         <input_file_ref idref="fl-4a"/>
      </object_component>
      <object_component id="oc-4b4">
         <name>.debug_line</name>
         <load_address>0xfcb</load_address>
         <run_address>0xfcb</run_address>
         <size>0x55</size>
         <input_file_ref idref="fl-4b"/>
      </object_component>
      <object_component id="oc-4c0">
         <name>.debug_line</name>
         <load_address>0x1020</load_address>
         <run_address>0x1020</run_address>
         <size>0x3d</size>
         <input_file_ref idref="fl-4c"/>
      </object_component>
      <object_component id="oc-4a7">
         <name>.debug_line</name>
         <load_address>0x105d</load_address>
         <run_address>0x105d</run_address>
         <size>0x4d</size>
         <input_file_ref idref="fl-4d"/>
      </object_component>
      <object_component id="oc-616">
         <name>.debug_line</name>
         <load_address>0x10aa</load_address>
         <run_address>0x10aa</run_address>
         <size>0x20</size>
         <input_file_ref idref="fl-4e"/>
      </object_component>
      <object_component id="oc-555">
         <name>.debug_line</name>
         <load_address>0x10ca</load_address>
         <run_address>0x10ca</run_address>
         <size>0x71</size>
         <input_file_ref idref="fl-4e"/>
      </object_component>
      <object_component id="oc-566">
         <name>.debug_line</name>
         <load_address>0x113b</load_address>
         <run_address>0x113b</run_address>
         <size>0x2e</size>
         <input_file_ref idref="fl-4e"/>
      </object_component>
      <object_component id="oc-5de">
         <name>.debug_line</name>
         <load_address>0x1169</load_address>
         <run_address>0x1169</run_address>
         <size>0x2d</size>
         <input_file_ref idref="fl-4f"/>
      </object_component>
      <object_component id="oc-4c9">
         <name>.debug_line</name>
         <load_address>0x1196</load_address>
         <run_address>0x1196</run_address>
         <size>0xec</size>
         <input_file_ref idref="fl-4f"/>
      </object_component>
      <object_component id="oc-55c">
         <name>.debug_line</name>
         <load_address>0x1282</load_address>
         <run_address>0x1282</run_address>
         <size>0x65</size>
         <input_file_ref idref="fl-50"/>
      </object_component>
      <object_component id="oc-4ac">
         <name>.debug_line</name>
         <load_address>0x12e7</load_address>
         <run_address>0x12e7</run_address>
         <size>0x8e</size>
         <input_file_ref idref="fl-51"/>
      </object_component>
      <object_component id="oc-5d0">
         <name>.debug_line</name>
         <load_address>0x1375</load_address>
         <run_address>0x1375</run_address>
         <size>0x5a</size>
         <input_file_ref idref="fl-56"/>
      </object_component>
      <object_component id="oc-5d3">
         <name>.debug_line</name>
         <load_address>0x13cf</load_address>
         <run_address>0x13cf</run_address>
         <size>0x50</size>
         <input_file_ref idref="fl-58"/>
      </object_component>
      <object_component id="oc-4ef">
         <name>.debug_line</name>
         <load_address>0x141f</load_address>
         <run_address>0x141f</run_address>
         <size>0x3b</size>
         <input_file_ref idref="fl-5b"/>
      </object_component>
      <object_component id="oc-586">
         <name>.debug_line</name>
         <load_address>0x145a</load_address>
         <run_address>0x145a</run_address>
         <size>0x56</size>
         <input_file_ref idref="fl-5c"/>
      </object_component>
      <object_component id="oc-57f">
         <name>.debug_line</name>
         <load_address>0x14b0</load_address>
         <run_address>0x14b0</run_address>
         <size>0x53</size>
         <input_file_ref idref="fl-5d"/>
      </object_component>
      <object_component id="oc-56d">
         <name>.debug_line</name>
         <load_address>0x1503</load_address>
         <run_address>0x1503</run_address>
         <size>0x56</size>
         <input_file_ref idref="fl-5e"/>
      </object_component>
      <object_component id="oc-579">
         <name>.debug_line</name>
         <load_address>0x1559</load_address>
         <run_address>0x1559</run_address>
         <size>0x53</size>
         <input_file_ref idref="fl-5f"/>
      </object_component>
      <object_component id="oc-5c9">
         <name>.debug_line</name>
         <load_address>0x15ac</load_address>
         <run_address>0x15ac</run_address>
         <size>0x56</size>
         <input_file_ref idref="fl-60"/>
      </object_component>
      <object_component id="oc-5db">
         <name>.debug_line</name>
         <load_address>0x1602</load_address>
         <run_address>0x1602</run_address>
         <size>0x53</size>
         <input_file_ref idref="fl-61"/>
      </object_component>
      <object_component id="oc-41b">
         <name>.debug_line</name>
         <load_address>0x1655</load_address>
         <run_address>0x1655</run_address>
         <size>0x2a</size>
         <input_file_ref idref="fl-62"/>
      </object_component>
      <object_component id="oc-409">
         <name>.debug_line</name>
         <load_address>0x167f</load_address>
         <run_address>0x167f</run_address>
         <size>0x4b</size>
         <input_file_ref idref="fl-62"/>
      </object_component>
      <object_component id="oc-47e">
         <name>.debug_line</name>
         <load_address>0x16ca</load_address>
         <run_address>0x16ca</run_address>
         <size>0x45</size>
         <input_file_ref idref="fl-63"/>
      </object_component>
      <object_component id="oc-5fd">
         <name>.debug_line</name>
         <load_address>0x170f</load_address>
         <run_address>0x170f</run_address>
         <size>0xbf</size>
         <input_file_ref idref="fl-65"/>
      </object_component>
      <object_component id="oc-52f">
         <name>.debug_line</name>
         <load_address>0x17ce</load_address>
         <run_address>0x17ce</run_address>
         <size>0x80</size>
         <input_file_ref idref="fl-65"/>
      </object_component>
      <object_component id="oc-601">
         <name>.debug_line</name>
         <load_address>0x184e</load_address>
         <run_address>0x184e</run_address>
         <size>0x2e</size>
         <input_file_ref idref="fl-65"/>
      </object_component>
      <object_component id="oc-612">
         <name>.debug_line</name>
         <load_address>0x187c</load_address>
         <run_address>0x187c</run_address>
         <size>0x9a</size>
         <input_file_ref idref="fl-65"/>
      </object_component>
      <object_component id="oc-5b7">
         <name>.debug_line</name>
         <load_address>0x1916</load_address>
         <run_address>0x1916</run_address>
         <size>0x97</size>
         <input_file_ref idref="fl-65"/>
      </object_component>
      <object_component id="oc-606">
         <name>.debug_line</name>
         <load_address>0x19ad</load_address>
         <run_address>0x19ad</run_address>
         <size>0x93</size>
         <input_file_ref idref="fl-65"/>
      </object_component>
      <object_component id="oc-5a3">
         <name>.debug_line</name>
         <load_address>0x1a40</load_address>
         <run_address>0x1a40</run_address>
         <size>0x3a</size>
         <input_file_ref idref="fl-66"/>
      </object_component>
      <object_component id="oc-463">
         <name>.debug_line</name>
         <load_address>0x1a7a</load_address>
         <run_address>0x1a7a</run_address>
         <size>0x3e</size>
         <input_file_ref idref="fl-67"/>
      </object_component>
      <object_component id="oc-427">
         <name>.debug_line</name>
         <load_address>0x1ab8</load_address>
         <run_address>0x1ab8</run_address>
         <size>0x92</size>
         <input_file_ref idref="fl-68"/>
      </object_component>
      <object_component id="oc-50e">
         <name>.debug_line</name>
         <load_address>0x1b4a</load_address>
         <run_address>0x1b4a</run_address>
         <size>0x3d</size>
         <input_file_ref idref="fl-6a"/>
      </object_component>
      <object_component id="oc-48c">
         <name>.debug_line</name>
         <load_address>0x1b87</load_address>
         <run_address>0x1b87</run_address>
         <size>0x20</size>
         <input_file_ref idref="fl-6d"/>
      </object_component>
      <object_component id="oc-3c4">
         <name>.debug_line</name>
         <load_address>0x1ba7</load_address>
         <run_address>0x1ba7</run_address>
         <size>0x42</size>
         <input_file_ref idref="fl-6d"/>
      </object_component>
      <object_component id="oc-5c4">
         <name>.debug_line</name>
         <load_address>0x1be9</load_address>
[...]
         <value>0x48ca</value>
         <object_component_ref idref="oc-3d8"/>
      </symbol>
      <symbol id="sm-42a">
         <name>DHT_countData</name>
         <value>0x10e2a</value>
         <object_component_ref idref="oc-444"/>
      </symbol>
      <symbol id="sm-42b">
         <name>Clock_Setting</name>
         <value>0x1170a</value>
         <object_component_ref idref="oc-4fd"/>
      </symbol>
      <symbol id="sm-42c">
         <name>Set_And_Wait_TimerA</name>
         <value>0x11806</value>
         <object_component_ref idref="oc-48f"/>
      </symbol>
      <symbol id="sm-42d">
         <name>dataOut</name>
         <value>0x4428</value>
         <object_component_ref idref="oc-450"/>
      </symbol>
      <symbol id="sm-42e">
         <name>__TI_int48</name>
         <value>0xfff0</value>
         <object_component_ref idref="oc-94"/>
      </symbol>
      <symbol id="sm-42f">
         <name>__TI_int45</name>
         <value>0xffea</value>
         <object_component_ref idref="oc-91"/>
      </symbol>
      <symbol id="sm-430">
         <name>DHT_readData</name>
         <value>0x114e4</value>
         <object_component_ref idref="oc-438"/>
      </symbol>
      <symbol id="sm-431">
         <name>DHT_rawData</name>
         <value>0x4400</value>
         <object_component_ref idref="oc-435"/>
      </symbol>
      <symbol id="sm-432">
         <name>DHT_Initialize</name>
         <value>0x11210</value>
         <object_component_ref idref="oc-42f"/>
      </symbol>
      <symbol id="sm-433">
         <name>UCA0_TX_Init</name>
         <value>0x11794</value>
         <object_component_ref idref="oc-503"/>
      </symbol>
      <symbol id="sm-434">
         <name>TA0_ISR</name>
         <value>0x4800</value>
         <object_component_ref idref="oc-3d2"/>
      </symbol>
      <symbol id="sm-435">
         <name>TAtimer_count</name>
         <value>0x1c02</value>
         <object_component_ref idref="oc-42c"/>
      </symbol>
      <symbol id="sm-436">
         <name>InsertSort</name>
         <value>0x11346</value>
         <object_component_ref idref="oc-4a0"/>
      </symbol>
      <symbol id="sm-437">
         <name>main</name>
         <value>0x11622</value>
         <object_component_ref idref="oc-468"/>
      </symbol>
      <symbol id="sm-438">
         <name>PacketPrepair</name>
         <value>0x11454</value>
         <object_component_ref idref="oc-44a"/>
      </symbol>
      <symbol id="sm-439">
         <name>Pin_Initialize</name>
         <value>0x117bc</value>
         <object_component_ref idref="oc-4f7"/>
      </symbol>
      <symbol id="sm-43a">
         <name>VoltOut</name>
         <value>0x4436</value>
         <object_component_ref idref="oc-4e7"/>
      </symbol>
      <symbol id="sm-43b">
         <name>GetVolt</name>
         <value>0x109c2</value>
         <object_component_ref idref="oc-43e"/>
      </symbol>
      <symbol id="sm-45e">
         <name>__TI_decompress_lzss</name>
         <value>0x1119a</value>
         <object_component_ref idref="oc-76"/>
      </symbol>
      <symbol id="sm-46f">
         <name>__TI_decompress_none</name>
         <value>0x1184e</value>
         <object_component_ref idref="oc-7c"/>
      </symbol>
      <symbol id="sm-472">
         <name>__TI_int30</name>
         <value>0xffcc</value>
         <object_component_ref idref="oc-82"/>
      </symbol>
      <symbol id="sm-47a">
         <name>__TI_ISR_TRAP</name>
         <value>0x4934</value>
         <object_component_ref idref="oc-3cd"/>
      </symbol>
      <symbol id="sm-47d">
         <name>__TI_int31</name>
         <value>0xffce</value>
         <object_component_ref idref="oc-83"/>
      </symbol>
      <symbol id="sm-480">
         <name>__TI_int32</name>
         <value>0xffd0</value>
         <object_component_ref idref="oc-84"/>
      </symbol>
      <symbol id="sm-483">
         <name>__TI_int33</name>
         <value>0xffd2</value>
         <object_component_ref idref="oc-85"/>
      </symbol>
      <symbol id="sm-486">
         <name>__TI_int34</name>
         <value>0xffd4</value>
         <object_component_ref idref="oc-86"/>
      </symbol>
      <symbol id="sm-489">
         <name>__TI_int35</name>
         <value>0xffd6</value>
         <object_component_ref idref="oc-87"/>
      </symbol>
      <symbol id="sm-48c">
         <name>__TI_int36</name>
         <value>0xffd8</value>
         <object_component_ref idref="oc-88"/>
      </symbol>
      <symbol id="sm-48f">
         <name>__TI_int37</name>
         <value>0xffda</value>
         <object_component_ref idref="oc-89"/>
      </symbol>
      <symbol id="sm-492">
         <name>__TI_int38</name>
         <value>0xffdc</value>
         <object_component_ref idref="oc-8a"/>
      </symbol>
      <symbol id="sm-495">
         <name>__TI_int39</name>
         <value>0xffde</value>
         <object_component_ref idref="oc-8b"/>
      </symbol>
      <symbol id="sm-498">
         <name>__TI_int40</name>
         <value>0xffe0</value>
         <object_component_ref idref="oc-8c"/>
      </symbol>
      <symbol id="sm-49b">
         <name>__TI_int41</name>
         <value>0xffe2</value>
         <object_component_ref idref="oc-8d"/>
      </symbol>
      <symbol id="sm-49e">
         <name>__TI_int42</name>
         <value>0xffe4</value>
         <object_component_ref idref="oc-8e"/>
      </symbol>
      <symbol id="sm-4a1">
         <name>__TI_int43</name>
         <value>0xffe6</value>
         <object_component_ref idref="oc-8f"/>
      </symbol>
      <symbol id="sm-4a4">
         <name>__TI_int44</name>
         <value>0xffe8</value>
         <object_component_ref idref="oc-90"/>
      </symbol>
      <symbol id="sm-4a7">
         <name>__TI_int46</name>
         <value>0xffec</value>
         <object_component_ref idref="oc-92"/>
      </symbol>
      <symbol id="sm-4aa">
         <name>__TI_int47</name>
         <value>0xffee</value>
         <object_component_ref idref="oc-93"/>
      </symbol>
      <symbol id="sm-4ad">
         <name>__TI_int49</name>
         <value>0xfff2</value>
         <object_component_ref idref="oc-95"/>
      </symbol>
      <symbol id="sm-4b0">
         <name>__TI_int50</name>
         <value>0xfff4</value>
         <object_component_ref idref="oc-96"/>
      </symbol>
      <symbol id="sm-4b3">
         <name>__TI_int51</name>
         <value>0xfff6</value>
         <object_component_ref idref="oc-97"/>
      </symbol>
      <symbol id="sm-4b6">
         <name>__TI_int52</name>
         <value>0xfff8</value>
         <object_component_ref idref="oc-98"/>
      </symbol>
      <symbol id="sm-4b9">
         <name>__TI_int53</name>
         <value>0xfffa</value>
         <object_component_ref idref="oc-99"/>
      </symbol>
      <symbol id="sm-4bc">
         <name>__TI_int54</name>
         <value>0xfffc</value>
         <object_component_ref idref="oc-9a"/>
      </symbol>
      <symbol id="sm-4f7">
         <name>__mspabi_addd</name>
         <value>0x10000</value>
         <object_component_ref idref="oc-4d6"/>
      </symbol>
      <symbol id="sm-512">
         <name>__mspabi_subf</name>
         <value>0x10cf8</value>
         <object_component_ref idref="oc-4b5"/>
      </symbol>
      <symbol id="sm-513">
         <name>__mspabi_addf</name>
         <value>0x10cfe</value>
         <object_component_ref idref="oc-4b5"/>
      </symbol>
      <symbol id="sm-52d">
         <name>__mspabi_cvtdf</name>
         <value>0x10fd8</value>
         <object_component_ref idref="oc-4dc"/>
      </symbol>
      <symbol id="sm-53b">
         <name>__mspabi_cvtfd</name>
         <value>0x112e2</value>
         <object_component_ref idref="oc-4d0"/>
      </symbol>
      <symbol id="sm-54d">
         <name>__mspabi_divf</name>
         <value>0x1108a</value>
         <object_component_ref idref="oc-4cb"/>
      </symbol>
      <symbol id="sm-55f">
         <name>__mspabi_fixfi</name>
         <value>0x1127a</value>
         <object_component_ref idref="oc-4e2"/>
      </symbol>
      <symbol id="sm-56e">
         <name>__mspabi_fixfu</name>
         <value>0x1149e</value>
         <object_component_ref idref="oc-4ba"/>
      </symbol>
      <symbol id="sm-57b">
         <name>__mspabi_fltif</name>
         <value>0x116d4</value>
         <object_component_ref idref="oc-4b0"/>
      </symbol>
      <symbol id="sm-584">
         <name>__mspabi_fltud</name>
         <value>0x1186a</value>
         <object_component_ref idref="oc-4bf"/>
      </symbol>
      <symbol id="sm-58f">
         <name>__mspabi_fltuf</name>
         <value>0x117e2</value>
         <object_component_ref idref="oc-4a6"/>
      </symbol>
      <symbol id="sm-5a9">
         <name>__mspabi_fltuld</name>
         <value>0x1111a</value>
         <object_component_ref idref="oc-554"/>
      </symbol>
      <symbol id="sm-5cf">
         <name>__mspabi_mpyd</name>
         <value>0x1072a</value>
         <object_component_ref idref="oc-4c5"/>
      </symbol>
      <symbol id="sm-5da">
         <name>__TI_frcmpyd</name>
         <value>0x10b94</value>
         <object_component_ref idref="oc-55b"/>
      </symbol>
      <symbol id="sm-5f1">
         <name>__mspabi_mpyf</name>
         <value>0x10f20</value>
         <object_component_ref idref="oc-4ab"/>
      </symbol>
      <symbol id="sm-5fd">
         <name>__mspabi_mpyll_f5hw</name>
         <value>0x113a4</value>
         <object_component_ref idref="oc-5cc"/>
      </symbol>
      <symbol id="sm-606">
         <name>__mspabi_mpyull_f5hw</name>
         <value>0x11768</value>
         <object_component_ref idref="oc-5d1"/>
      </symbol>
      <symbol id="sm-611">
         <name>__mspabi_slli</name>
         <value>0x11860</value>
         <object_component_ref idref="oc-4eb"/>
      </symbol>
      <symbol id="sm-619">
         <name>__mspabi_slll_9</name>
         <value>0x115be</value>
         <object_component_ref idref="oc-582"/>
      </symbol>
      <symbol id="sm-61a">
         <name>__mspabi_slll_8</name>
         <value>0x115c2</value>
         <object_component_ref idref="oc-582"/>
      </symbol>
      <symbol id="sm-61b">
         <name>__mspabi_slll_7</name>
         <value>0x115c6</value>
         <object_component_ref idref="oc-582"/>
      </symbol>
      <symbol id="sm-61c">
         <name>__mspabi_slll_6</name>
         <value>0x115ca</value>
         <object_component_ref idref="oc-582"/>
      </symbol>
      <symbol id="sm-61d">
         <name>__mspabi_slll_5</name>
         <value>0x115ce</value>
         <object_component_ref idref="oc-582"/>
      </symbol>
      <symbol id="sm-61e">
         <name>__mspabi_slll_4</name>
         <value>0x115d2</value>
         <object_component_ref idref="oc-582"/>
      </symbol>
      <symbol id="sm-61f">
         <name>__mspabi_slll_3</name>
         <value>0x115d6</value>
         <object_component_ref idref="oc-582"/>
      </symbol>
      <symbol id="sm-620">
         <name>__mspabi_slll_2</name>
         <value>0x115da</value>
         <object_component_ref idref="oc-582"/>
      </symbol>
      <symbol id="sm-621">
         <name>__mspabi_slll_1</name>
         <value>0x115de</value>
         <object_component_ref idref="oc-582"/>
      </symbol>
      <symbol id="sm-622">
         <name>__mspabi_slll_15</name>
         <value>0x115a6</value>
         <object_component_ref idref="oc-582"/>
      </symbol>
      <symbol id="sm-623">
         <name>__mspabi_slll_14</name>
         <value>0x115aa</value>
         <object_component_ref idref="oc-582"/>
      </symbol>
      <symbol id="sm-624">
         <name>__mspabi_slll_13</name>
         <value>0x115ae</value>
         <object_component_ref idref="oc-582"/>
      </symbol>
      <symbol id="sm-625">
         <name>__mspabi_slll_12</name>
         <value>0x115b2</value>
         <object_component_ref idref="oc-582"/>
      </symbol>
      <symbol id="sm-626">
         <name>__mspabi_slll_11</name>
         <value>0x115b6</value>
         <object_component_ref idref="oc-582"/>
      </symbol>
      <symbol id="sm-627">
         <name>__mspabi_slll_10</name>
         <value>0x115ba</value>
         <object_component_ref idref="oc-582"/>
      </symbol>
      <symbol id="sm-634">
         <name>__mspabi_sllll</name>
         <value>0x11660</value>
         <object_component_ref idref="oc-57a"/>
      </symbol>
      <symbol id="sm-63c">
         <name>__mspabi_sral_15</name>
         <value>0x11568</value>
         <object_component_ref idref="oc-569"/>
      </symbol>
      <symbol id="sm-63d">
         <name>__mspabi_sral_14</name>
         <value>0x1156c</value>
         <object_component_ref idref="oc-569"/>
      </symbol>
      <symbol id="sm-63e">
         <name>__mspabi_sral_13</name>
         <value>0x11570</value>
         <object_component_ref idref="oc-569"/>
      </symbol>
      <symbol id="sm-63f">
         <name>__mspabi_sral_12</name>
         <value>0x11574</value>
         <object_component_ref idref="oc-569"/>
      </symbol>
      <symbol id="sm-640">
         <name>__mspabi_sral_11</name>
         <value>0x11578</value>
         <object_component_ref idref="oc-569"/>
      </symbol>
      <symbol id="sm-641">
         <name>__mspabi_sral_10</name>
         <value>0x1157c</value>
         <object_component_ref idref="oc-569"/>
      </symbol>
      <symbol id="sm-642">
         <name>__mspabi_sral_8</name>
         <value>0x11584</value>
         <object_component_ref idref="oc-569"/>
      </symbol>
      <symbol id="sm-643">
         <name>__mspabi_sral_9</name>
         <value>0x11580</value>
         <object_component_ref idref="oc-569"/>
      </symbol>
      <symbol id="sm-644">
         <name>__mspabi_sral_6</name>
         <value>0x1158c</value>
         <object_component_ref idref="oc-569"/>
      </symbol>
      <symbol id="sm-645">
         <name>__mspabi_sral_7</name>
         <value>0x11588</value>
         <object_component_ref idref="oc-569"/>
      </symbol>
      <symbol id="sm-646">
         <name>__mspabi_sral_4</name>
         <value>0x11594</value>
         <object_component_ref idref="oc-569"/>
      </symbol>
      <symbol id="sm-647">
         <name>__mspabi_sral_5</name>
         <value>0x11590</value>
         <object_component_ref idref="oc-569"/>
      </symbol>
      <symbol id="sm-648">
         <name>__mspabi_sral_2</name>
         <value>0x1159c</value>
         <object_component_ref idref="oc-569"/>
      </symbol>
      <symbol id="sm-649">
         <name>__mspabi_sral_3</name>
         <value>0x11598</value>
         <object_component_ref idref="oc-569"/>
      </symbol>
      <symbol id="sm-64a">
         <name>__mspabi_sral_1</name>
         <value>0x115a0</value>
         <object_component_ref idref="oc-569"/>
      </symbol>
      <symbol id="sm-657">
         <name>__mspabi_srall</name>
         <value>0x11528</value>
         <object_component_ref idref="oc-574"/>
      </symbol>
      <symbol id="sm-65f">
         <name>__mspabi_srll_8</name>
         <value>0x11600</value>
         <object_component_ref idref="oc-5c5"/>
      </symbol>
      <symbol id="sm-660">
         <name>__mspabi_srll_9</name>
         <value>0x115fc</value>
         <object_component_ref idref="oc-5c5"/>
      </symbol>
      <symbol id="sm-661">
         <name>__mspabi_srll_6</name>
         <value>0x11608</value>
         <object_component_ref idref="oc-5c5"/>
      </symbol>
      <symbol id="sm-662">
         <name>__mspabi_srll_7</name>
         <value>0x11604</value>
         <object_component_ref idref="oc-5c5"/>
      </symbol>
      <symbol id="sm-663">
         <name>__mspabi_srll_4</name>
         <value>0x11610</value>
         <object_component_ref idref="oc-5c5"/>
      </symbol>
      <symbol id="sm-664">
         <name>__mspabi_srll_5</name>
         <value>0x1160c</value>
         <object_component_ref idref="oc-5c5"/>
      </symbol>
      <symbol id="sm-665">
         <name>__mspabi_srll_2</name>
         <value>0x11618</value>
         <object_component_ref idref="oc-5c5"/>
      </symbol>
      <symbol id="sm-666">
         <name>__mspabi_srll_3</name>
         <value>0x11614</value>
         <object_component_ref idref="oc-5c5"/>
      </symbol>
      <symbol id="sm-667">
         <name>__mspabi_srll_1</name>
         <value>0x1161c</value>
         <object_component_ref idref="oc-5c5"/>
      </symbol>
      <symbol id="sm-668">
         <name>__mspabi_srll_15</name>
         <value>0x115e4</value>
         <object_component_ref idref="oc-5c5"/>
      </symbol>
      <symbol id="sm-669">
         <name>__mspabi_srll_14</name>
         <value>0x115e8</value>
         <object_component_ref idref="oc-5c5"/>
      </symbol>
      <symbol id="sm-66a">
         <name>__mspabi_srll_13</name>
         <value>0x115ec</value>
         <object_component_ref idref="oc-5c5"/>
      </symbol>
      <symbol id="sm-66b">
         <name>__mspabi_srll_12</name>
         <value>0x115f0</value>
         <object_component_ref idref="oc-5c5"/>
      </symbol>
      <symbol id="sm-66c">
         <name>__mspabi_srll_11</name>
         <value>0x115f4</value>
         <object_component_ref idref="oc-5c5"/>
      </symbol>
      <symbol id="sm-66d">
         <name>__mspabi_srll_10</name>
         <value>0x115f8</value>
         <object_component_ref idref="oc-5c5"/>
      </symbol>
      <symbol id="sm-67a">
         <name>__mspabi_srlll</name>
         <value>0x1169a</value>
         <object_component_ref idref="oc-5d6"/>
      </symbol>
      <symbol id="sm-68a">
         <name>_c_int00_noargs_mpu</name>
         <value>0x4914</value>
         <object_component_ref idref="oc-408"/>
      </symbol>
      <symbol id="sm-68b">
         <name>_stack</name>
         <value>0x2360</value>
         <object_component_ref idref="oc-3b1"/>
      </symbol>
      <symbol id="sm-68c">
         <name>_reset_vector</name>
         <value>0xfffe</value>
         <object_component_ref idref="oc-3b4"/>
      </symbol>
      <symbol id="sm-695">
         <name>__mpu_init</name>
         <value>0x1173c</value>
         <object_component_ref idref="oc-47a"/>
      </symbol>
      <symbol id="sm-6b9">
         <name>__TI_auto_init_nobinit_nopinit_hold_wdt</name>
         <value>0x11400</value>
         <object_component_ref idref="oc-52e"/>
      </symbol>
      <symbol id="sm-6c2">
         <name>_system_post_cinit</name>
         <value>0x1187a</value>
         <object_component_ref idref="oc-5a2"/>
      </symbol>
      <symbol id="sm-6cb">
         <name>_system_pre_init</name>
         <value>0x11876</value>
         <object_component_ref idref="oc-462"/>
      </symbol>
      <symbol id="sm-6dc">
         <name>C$$EXIT</name>
         <value>0x11870</value>
         <object_component_ref idref="oc-50a"/>
      </symbol>
      <symbol id="sm-6dd">
         <name>abort</name>
         <value>0x11870</value>
         <object_component_ref idref="oc-50a"/>
      </symbol>
      <symbol id="sm-6ed">
         <name>memcpy</name>
         <value>0x1183a</value>
         <object_component_ref idref="oc-3c0"/>
      </symbol>
      <symbol id="sm-6fb">
         <name>memset</name>
         <value>0x11824</value>
         <object_component_ref idref="oc-49a"/>
      </symbol>
   </symbol_table>
   <title>Link successful</title>
</link_info>
